owais@Faculty-87 MINGW64 ~
$ mkdir Batch2211G2

owais@Faculty-87 MINGW64 ~
$ cd Batch2211G2

owais@Faculty-87 MINGW64 /z/Batch2211G2
$ git init
Initialized empty Git repository in //server2/Faculty_Drive/OwaisKhan/Batch2211G2/.git/

owais@Faculty-87 MINGW64 /z/Batch2211G2 (master)
$ git status
On branch master

No commits yet

Untracked files:
  (use "git add <file>..." to include in what will be committed)
        Elegant.html
        Gallery.html
        faceses.html
        gel.html

nothing added to commit but untracked files present (use "git add" to track)

owais@Faculty-87 MINGW64 /z/Batch2211G2 (master)
$ git add --all

owais@Faculty-87 MINGW64 /z/Batch2211G2 (master)
$ git status
On branch master

No commits yet

Changes to be committed:
  (use "git rm --cached <file>..." to unstage)
        new file:   Elegant.html
        new file:   Gallery.html
        new file:   faceses.html
        new file:   gel.html


owais@Faculty-87 MINGW64 /z/Batch2211G2 (master)
$ git commit -m "Initial Files have been added"
[master (root-commit) 19ee63d] Initial Files have been added
 Committer: Owais Khan <owais@aptech.com>
Your name and email address were configured automatically based
on your username and hostname. Please check that they are accurate.
You can suppress this message by setting them explicitly. Run the
following command and follow the instructions in your editor to edit
your configuration file:

    git config --global --edit

After doing this, you may fix the identity used for this commit with:

    git commit --amend --reset-author

 4 files changed, 1676 insertions(+)
 create mode 100644 Elegant.html
 create mode 100644 Gallery.html
 create mode 100644 faceses.html
 create mode 100644 gel.html

owais@Faculty-87 MINGW64 /z/Batch2211G2 (master)
$ git status
On branch master
nothing to commit, working tree clean

owais@Faculty-87 MINGW64 /z/Batch2211G2 (master)
$ git config --global user.aptechNorth

owais@Faculty-87 MINGW64 /z/Batch2211G2 (master)
$ git remote add origin https://github.com/aptechNorth/Batch2211G2.git

owais@Faculty-87 MINGW64 /z/Batch2211G2 (master)
$ git status
On branch master
nothing to commit, working tree clean

owais@Faculty-87 MINGW64 /z/Batch2211G2 (master)
$ git push origin master
Enumerating objects: 6, done.
Counting objects: 100% (6/6), done.
Delta compression using up to 4 threads
Compressing objects: 100% (6/6), done.
Writing objects: 100% (6/6), 4.93 KiB | 180.00 KiB/s, done.
Total 6 (delta 3), reused 0 (delta 0), pack-reused 0
remote: Resolving deltas: 100% (3/3), done.
To https://github.com/aptechNorth/Batch2211G2.git
 * [new branch]      master -> master

owais@Faculty-87 MINGW64 /z/Batch2211G2 (master)
$ git add --all

owais@Faculty-87 MINGW64 /z/Batch2211G2 (master)
$ git commit -m "2nd commit"
[master bfd07b0] 2nd commit
 Committer: Owais Khan <owais@aptech.com>
Your name and email address were configured automatically based
on your username and hostname. Please check that they are accurate.
You can suppress this message by setting them explicitly. Run the
following command and follow the instructions in your editor to edit
your configuration file:

    git config --global --edit

After doing this, you may fix the identity used for this commit with:

    git commit --amend --reset-author

 1 file changed, 1 insertion(+), 457 deletions(-)

owais@Faculty-87 MINGW64 /z/Batch2211G2 (master)
$ git push origin master
Enumerating objects: 5, done.
Counting objects: 100% (5/5), done.
Delta compression using up to 4 threads
Compressing objects: 100% (2/2), done.
Writing objects: 100% (3/3), 269 bytes | 26.00 KiB/s, done.
Total 3 (delta 1), reused 0 (delta 0), pack-reused 0
remote: Resolving deltas: 100% (1/1), completed with 1 local object.
To https://github.com/aptechNorth/Batch2211G2.git
   19ee63d..bfd07b0  master -> master
